SAIA PG5 LINKER V2.1.410                                               Page 1
User: Renergie
File: PASPE_2.pcd   Linked: 11/10/18 16:34 

        CODE    CODE    TXT/DB  EXTEN
FILE    START   SEG     SEG     SEG     ASSEMBLY         FILE
NUMBER  LINE    LINES   BYTES   BYTES   DATE AND TIME    NAME
--------------------------------------------------------------------------------
1       0       0       804     0       11/10/18 16:34   _PASPE_2.src
2       0       4529    292     1144    11/10/18 16:34   HKLS2.fbd
3       4529    0       0       0       11/10/18 16:34   InitODM.src
4       4529    1010    200     0       11/10/18 16:34   heavac5.srx
5       5539    240     2808    0       11/10/18 16:34   sfupanl5.srx
6       5779    0       0       0       11/10/18 16:34   sModMaster.srx
7       5779    0       0       0       11/10/18 16:34   sModSlave.srx
8       5779    78      12      0       14/10/14 11:02   sfuplib3.src
--------------------------------------------------------------------------------

CODE SEGMENT SIZE:      7023 LINES (28092 BYTES)
TEXT/DB SEGMENT SIZE:   4116 BYTES
EXTENSION MEM SIZE:     1144 BYTES
PUBLIC SYMBOLS:         721

PUBLIC SYMBOLS
___ETR___  F    16054         8#    8     
___REFR    PB   0             8#    2     8     
__DBSTRC__ R    10710..10812  8#    2     8     
__DYNAMICS__.__FIRST_COUNTER__
                1000          1#    
__DYNAMICS__.__FIRST_DB__
                3500          1#    
__DYNAMICS__.__FIRST_FLAG__
                10            1#    
__DYNAMICS__.__FIRST_RAM_DB__
                8000          1#    
__DYNAMICS__.__FIRST_RAM_TEXT__
                7800          1#    
__DYNAMICS__.__FIRST_REGISTER__
                500           1#    
__DYNAMICS__.__FIRST_TEXT__
                3300          1#    
__DYNAMICS__.__FIRST_TIMER__
                10            1#    
__DYNAMICS__.__LAST_COUNTER__
                1599          1#    
__DYNAMICS__.__LAST_DB__
                3999          1#    
__DYNAMICS__.__LAST_FLAG__
                16383         1#    
__DYNAMICS__.__LAST_RAM_DB__
                8191          1#    
__DYNAMICS__.__LAST_RAM_TEXT__
                7999          1#    
__DYNAMICS__.__LAST_REGISTER__
                16383         1#    
__DYNAMICS__.__LAST_TEXT__
                3499          1#    
__DYNAMICS__.__LAST_TIMER__
                999           1#    
__FIRST_NON_VOLATILE_FLAG__
                0             1#    
__high     F    16055         8#    2     8     
__LAST_TIMER__  999           1#    
__LAST_VOLATILE_FLAG__
                -1            1#    
__LEN__X_FileDringend
                0             2#    2     
__LEN__X_FileNormal
                0             2#    2     
__LIBRARY__._SAIA_DDCSUITE
                1             2#    
__LIBRARY__._SAIA_HEAVAC
                1             4#    
__LIBRARY__._SAIA_MODBUS
                1             6#    
__LIBRARY__._SAIA_SFUPANLG
                1             5#    
__LIBVERS__._BLI_
                2007100       1#    
__LIBVERS__._CWM_Email
                2006150       1#    
__LIBVERS__._DDC_Suite_25
                2008153       1#    
__LIBVERS__._DDCLibrary
                2006208       1#    
__LIBVERS__._EOB
                2006147       1#    
__LIBVERS__._L6x_RoomController_PCD7_L60x
                2006610       1#    
__LIBVERS__._L79x_RoomController_PCD7_L79x
                2006134       1#    
__LIBVERS__._PEHA_PHC
                1000100       1#    
__LIBVERS__._SAIA_BELIMO
                2007310       1#    
__LIBVERS__._SAIA_BUES1
                2007100       1#    
__LIBVERS__._SAIA_D2H110
                2002000       1#    
__LIBVERS__._SAIA_D2H150
                2002000       1#    
__LIBVERS__._SAIA_D2H210
                2002000       1#    
__LIBVERS__._SAIA_D2H222
                1001000       1#    
__LIBVERS__._SAIA_D2H310
                2001000       1#    
__LIBVERS__._SAIA_D2H320
                2044000       1#    
__LIBVERS__._SAIA_D3T76XH100
                1001000       1#    
__LIBVERS__._SAIA_D3T76XH110
                1000000       1#    
__LIBVERS__._SAIA_D3T76XH150
                1001000       1#    
__LIBVERS__._SAIA_DALI
                2007300       1#    
__LIBVERS__._SAIA_DALIF26
                2007390       1#    
__LIBVERS__._SAIA_EIB
                2007300       1#    
__LIBVERS__._SAIA_EnergyModbus
                2007310       1#    
__LIBVERS__._SAIA_EnergySBus
                2006191       1#    
__LIBVERS__._SAIA_FILE_SYSTEM
                2007320       1#    
__LIBVERS__._SAIA_HEAVAC
                2007100       1#    
__LIBVERS__._SAIA_HTTPC
                1000120       1#    
__LIBVERS__._SAIA_LONNET
                2007300       1#    
__LIBVERS__._SAIA_MODBUS
                2007310       1#    
__LIBVERS__._SAIA_MODEM
                2007310       1#    
__LIBVERS__._SAIA_PBUS_MODBUS_GTW
                2000017       1#    
__LIBVERS__._SAIA_ROOM_CONTROLLER_V11
                2007100       1#    
__LIBVERS__._SAIA_SFUPANLG
                2007310       1#    
__LIBVERS__._SAIA_SFUPBASE
                2007310       1#    
__LIBVERS__._SAIA_SFUPCOMM
                2007310       1#    
__LIBVERS__._SAIA_SHMI
                2000210       1#    
__LIBVERS__._SAIA_SMONITORING
                1000120       1#    
__LIBVERS__._SAIA_W3X5
                2010000       1#    
__LIBVERS__._SAIA_W6X5
                2010000       1#    
__LIBVERS__._SAIA_W745
                2002000       1#    
__LIBVERS__._SAIA_W800
                2002000       1#    
__LIBVERS__._SAIA_WIDE_AREA_AUTOMATION
                2007300       1#    
__LIBVERS__._SBCHDLog
                2006180       1#    
__LIBVERS__._SWA_Alarming
                2006300       1#    
__LIBVERS__._UID_JCI_N2_Bus
                2006153       1#    
__low      F    16056         8#    2     8     
__PageProbeExtTypes
                1             8#    
__PCD_CURRENT_BUILD_KEY__
           DB   3511          8#    2     8     
__PCD_UID__
           DB   3500          1#    1     
__PCD1_F2611__  55            1#    
__PCD1_G1100__  51            1#    
__PCD1_G3600__  52            1#    
__PCD1_G3601__  54            1#    
__PCD1_M0160E0__
                48            1#    
__PCD1_M2020__  37            1#    
__PCD1_M2110R1__
                49            1#    
__PCD1_M2120__  38            1#    
__PCD1_M2160__  43            1#    
__PCD1_Mxxx__   1             1#    
__PCD1_W5300__  53            1#    
__PCD2_BUES__   14            1#    
__PCD2_M170__   3             1#    
__PCD2_M480__   10            1#    
__PCD2_M5440__  25            1#    
__PCD2_M5540__  26            1#    
__PCD2_M910__   11            1#    
__PCD2_Mxxx__   2             1#    
__PCD3_M2030V6__
                27            1#    
__PCD3_M2130V6__
                28            1#    
__PCD3_M2230A4T5__
                30            1#    
__PCD3_M2330A4T1__
                31            1#    
__PCD3_M2330A4T3__
                32            1#    
__PCD3_M2330A4T5__
                33            1#    
__PCD3_M302__   15            1#    
__PCD3_M312__   22            1#    
__PCD3_M323__   16            1#    
__PCD3_M333__   17            1#    
__PCD3_M534__   24            1#    
__PCD3_M544__   18            1#    
__PCD3_M554__   19            1#    
__PCD3_M556__   35            1#    
__PCD3_M634__   20            1#    
__PCD3_M636__   39            1#    
__PCD3_M644__   29            1#    
__PCD3_M654__   21            1#    
__PCD3_M656__   36            1#    
__PCD3_M6860__  47            1#    
__PCD3_M6880__  56            1#    
__PCD3_M6880_CPU1__
                57            1#    
__PCD3_T660__   34            1#    
__PCD3_T665__   41            1#    
__PCD3_T666__   42            1#    
__PCD3_T668__   58            1#    
__PCD4_M170__   9             1#    
__PCD4_Mxxx__   4             1#    
__PCD6_M5xx__   5             1#    
__PCD6_Mxxx__   6             1#    
__PCD7_D410VT5F__
                46            1#    
__PCD7_D412DT5F__
                44            1#    
__PCD7_D443WT5R__
                59            1#    
__PCD7_D457VT5F__
                45            1#    
__PCD7_D90VEM010__
                40            1#    
__PCS1_C8xx__   8             1#    
__Saia_Sfup__._Watchdog
           F    16057         8#    8     
__Saia_Sfup__.MaxFlag
                16383         1#    8     
__Saia_Sfup__.rTmpCalc
           R    10813         8#    8     
__Saia_Sfup__.rTmpCalcRemainder
           R    10814         8#    8     
__Saia_Sfup__.rTmpCalcResult
           R    10815         8#    8     
__SAIASystemBuildTime__
                0C955016H     1#    8     
__SASMVERS__    21410         1#    
__TIME_BASE__   100           1#    
__TIME_BASE_EXTN__
                100           1#    
__TIME_CONVERT__
           F    10            1#    1     4     
__TIME_DIVFACT__
                1             1#    4     
__TIME_MULFACT__
                1             1#    4     
__TIME_MULTIPLY__
           F    11            1#    1     4     
_ALARM     F    160..164      2#    2     
_ALARMG    F    163           2#    2     
_analogue._FB._LinBalco
           FB   35            5#    2     5     
_analogue._FB._LinearNi1000
           FB   36            5#    2     5     
_analogue._FB._LinearPt1000
           FB   37            5#    2     5     
_analogue._FB._LinNiLS
           FB   38            5#    2     5     
_HEAVAC._ALARM._ALARM
           F    160..164      2#    2     
_HEAVAC._ALARM._ALARMG
           F    163           2#    2     
_HEAVAC._ALARM._QUIT
           F    161           2#    2     
_HEAVAC._ALARM._QUITALL
           F    162           2#    2     
_HEAVAC._ALARM._QUITG
           F    164           2#    2     
_HEAVAC._CLOCK._ALLPHDAY1
           F    16016         4#    2     4     
_HEAVAC._CLOCK._DAY
           R    10682         4#    4     
_HEAVAC._CLOCK._DAYINYEAR
           R    10691         4#    4     
_HEAVAC._CLOCK._DAYOW
           R    10672         4#    2     4     
_HEAVAC._CLOCK._DAYSLSC
           DB   3501          4#    4     
_HEAVAC._CLOCK._DAYSLST
           DB   3502          4#    4     
_HEAVAC._CLOCK._DHHMM
           R    10688         4#    4     
_HEAVAC._CLOCK._DOW0101
           R    10692         4#    4     
_HEAVAC._CLOCK._HHMM
           R    10677         4#    2     4     
_HEAVAC._CLOCK._HHMMSS
           R    10670..10672  4#    2     4     
_HEAVAC._CLOCK._HOUR
           R    10683         4#    4     
_HEAVAC._CLOCK._JJMMDD
           R    10675..10690  4#    2     4     
_HEAVAC._CLOCK._LEAP
           F    16017         4#    4     
_HEAVAC._CLOCK._MINODAY
           R    10693         4#    4     
_HEAVAC._CLOCK._MINUTE
           R    10684         4#    4     
_HEAVAC._CLOCK._MMDD
           R    10676         4#    4     
_HEAVAC._CLOCK._MMDDHHMM
           R    10689         4#    4     
_HEAVAC._CLOCK._MONTH
           R    10681         4#    4     
_HEAVAC._CLOCK._PHDAY
           F    16019         4#    2     4     
_HEAVAC._CLOCK._PHDAY1
           F    16020         4#    2     4     
_HEAVAC._CLOCK._SEASON
           F    16021         4#    2     4     
_HEAVAC._CLOCK._SECODAY
           R    10690         4#    4     
_HEAVAC._CLOCK._SECOND
           R    10685         4#    4     
_HEAVAC._CLOCK._SECTICK
           F    16022         4#    4     
_HEAVAC._CLOCK._TESTCLK
           F    16025         4#    2     4     
_HEAVAC._CLOCK._TESTCLK1
           F    16026         4#    2     4     
_HEAVAC._CLOCK._TESTCLKHW
           F    16027         4#    4     
_HEAVAC._CLOCK._TESTCLKRX
           F    16028         4#    4     
_HEAVAC._CLOCK._WEEK
           R    10686         4#    2     4     
_HEAVAC._CLOCK._WWD
           R    10687         4#    2     4     
_HEAVAC._CLOCK._YEAR
           R    10679         4#    4     
_HEAVAC._CLOCK._YYYYEAR
           R    10680         4#    4     
_HEAVAC._CLOCK._YYYYMMDD
           R    10671         4#    2     4     
_HEAVAC._FB._CLOCKFB
           FB   13            4#    4     
_HEAVAC._FB._CONV2
           FB   14            4#    4     
_HEAVAC._FB._CONV3
           FB   15            4#    4     
_HEAVAC._FB._DEADR
           FB   16            4#    4     
_HEAVAC._FB._DLGCODE
           FB   17            4#    4     
_HEAVAC._FB._DOWMONTH
           FB   18            4#    4     
_HEAVAC._FB._FT1B
           FB   19            4#    4     
_HEAVAC._FB._HYSTER
           FB   20            4#    4     
_HEAVAC._FB._ICODE
           FB   21            4#    4     
_HEAVAC._FB._KEYCODE
           FB   22            4#    4     
_HEAVAC._FB._MIMA
           FB   23            4#    4     
_HEAVAC._FB._REG1
           FB   24            4#    4     
_HEAVAC._FB._SAMPLE
           FB   25            4#    2     4     
_HEAVAC._FB._SHADE
           FB   26            4#    4     
_HEAVAC._FB._SHADE2
           FB   27            4#    4     
_HEAVAC._FB._SOWI
           FB   28            4#    2     4     
_HEAVAC._FB._SOWIFB
           FB   29            4#    4     
_HEAVAC._FB._SWSTATE
           FB   30            4#    4     
_HEAVAC._FB._TIME
           FB   31            4#    4     
_HEAVAC._HEAVAC._RESET
           F    310           2#    2     
_HEAVAC._PERFORM._CYNUMBER
           R    696           2#    2     
_HEAVAC._PERFORM._CYTIME
           R    697           2#    2     
_HEAVAC._PRIV._ERROR
           F    16030         4#    4     
_HEAVAC._RESET._EXEC
           F    310           2#    2     
_HEAVAC._RESET._SIGNALING
           F    312           2#    2     
_HEAVAC._SAMPLING._FIRSTSMPL
           F    313           2#    2     
_HEAVAC._SAMPLING._INTERVAL
                10            2#    
_HEAVAC._SAMPLING._INTERVALC
                10            2#    
_HEAVAC._SAMPLING._ONESEC
           F    314           2#    2     
_HEAVAC._SAMPLING._OVERRUN
           F    315           2#    2     
_HEAVAC._SAMPLING._SAMPLE
           F    316           2#    2     
_modbus_server._RD0
           R    11061         7#    2     7     
_modbus_server.Cnst.AreaAccess.NoAccess
                3             7#    
_modbus_server.Cnst.AreaAccess.ReadOnly
                1             7#    
_modbus_server.Cnst.AreaAccess.ReadWrite
                0             7#    
_modbus_server.Cnst.AreaAccess.WriteOnly
                2             7#    
_modbus_server.Cnst.AreaType.Coils
                0             7#    
_modbus_server.Cnst.AreaType.Reg_16bits_signed
                1             7#    
_modbus_server.Cnst.AreaType.Reg_16bits_unsigned
                2             7#    
_modbus_server.Cnst.AreaType.Reg_32bits
                3             7#    
_modbus_server.Cnst.AreaType.Reg_32bits_IEEE
                4             7#    
_modbus_server.Cnst.ClientProcessing.NoProcessing
                0             7#    
_modbus_server.Cnst.ClientProcessing.R_16bits_signed
                1             7#    
_modbus_server.Cnst.ClientProcessing.R_32bits_IEEE2FFP
                5             7#    
_modbus_server.Cnst.ClientProcessing.R_32bits_swap_IEEE2FFP
                6             7#    
_modbus_server.Cnst.ClientProcessing.RW_16bits_unsigned
                2             7#    
_modbus_server.Cnst.ClientProcessing.RW_32bits_binary
                3             7#    
_modbus_server.Cnst.ClientProcessing.RW_32bits_swap
                4             7#    
_modbus_server.Cnst.ClientProcessing.W_32bits_FFP2IEEE
                7             7#    
_modbus_server.Cnst.ClientProcessing.W_32bits_swap_FFP2IEEE
                8             7#    
_modbus_server.Cnst.FunctionCode.GetCommEventCount
                0BH           7#    
_modbus_server.Cnst.FunctionCode.GetCommEventLog
                0CH           7#    
_modbus_server.Cnst.FunctionCode.ReadCoils
                01H           7#    
_modbus_server.Cnst.FunctionCode.ReadDiagnostic
                08H           7#    
_modbus_server.Cnst.FunctionCode.ReadDiscreteInput
                02H           7#    
_modbus_server.Cnst.FunctionCode.ReadExceptStatus
                07H           7#    
_modbus_server.Cnst.FunctionCode.ReadHoldingReg
                03H           7#    
_modbus_server.Cnst.FunctionCode.ReadInputReg
                04H           7#    
_modbus_server.Cnst.FunctionCode.ReadWriteMultRegs
                017H          7#    
_modbus_server.Cnst.FunctionCode.ReportSlaveID
                011H          7#    
_modbus_server.Cnst.FunctionCode.WriteMultipleCoils
                0FH           7#    
_modbus_server.Cnst.FunctionCode.WriteMultipleRegs
                010H          7#    
_modbus_server.Cnst.FunctionCode.WriteSingleCoil
                05H           7#    
_modbus_server.Cnst.FunctionCode.WriteSingleReg
                06H           7#    
_modbus_server.Cnst.InitMap
                2             7#    2     
_modbus_server.Cnst.InitSerialPort
                3             7#    
_modbus_server.Cnst.InitServer
                0             7#    2     
_modbus_server.Cnst.InitSlave
                0             7#    
_modbus_server.Cnst.InitUID
                1             7#    2     
_modbus_server.Cnst.Library
                13            7#    2     
_modbus_server.Cnst.MBMedia.Coils
                1             7#    
_modbus_server.Cnst.MBMedia.DiscrInput
                2             7#    
_modbus_server.Cnst.MBMedia.HoldingReg
                3             7#    
_modbus_server.Cnst.MBMedia.InputReg
                4             7#    
_modbus_server.Cnst.MBMedia.NoMedia
                0             7#    
_modbus_server.Cnst.NO_ERROR
           K    0             7#    
_modbus_server.Cnst.OpenChannel
                4             7#    
_modbus_server.Cnst.PCDMedia.Counter
                5             7#    
_modbus_server.Cnst.PCDMedia.DataBlock
                9             7#    
_modbus_server.Cnst.PCDMedia.Flag
                4             7#    
_modbus_server.Cnst.PCDMedia.Input
                2             7#    
_modbus_server.Cnst.PCDMedia.IO
                1             7#    
_modbus_server.Cnst.PCDMedia.NoMedia
                0             7#    
_modbus_server.Cnst.PCDMedia.Output
                3             7#    
_modbus_server.Cnst.PCDMedia.Register
                6             7#    
_modbus_server.Cnst.Protocol.ASCII
                3             7#    
_modbus_server.Cnst.Protocol.RTU
                2             7#    
_modbus_server.Cnst.Protocol.TCP
                0             7#    
_modbus_server.Cnst.Protocol.UDP
                1             7#    
_modbus_server.Cnst.SendReadRequest
                5             7#    
_modbus_server.Cnst.SendWriteRequest
                6             7#    
_modbus_server.Cnst.ServerMode.Auto
                0             7#    
_modbus_server.Cnst.ServerMode.User
                1             7#    
_QUIT      F    161           2#    2     
_QUITALL   F    162           2#    2     
_QUITG     F    164           2#    2     
_shmsr.system.AussenTemp
           R    609           2#    2     
_shmsr.system.DateDay
           R    603           2#    2     
_shmsr.system.DateMonth
           R    604           2#    2     
_shmsr.system.DateWDay
           R    601           2#    2     
_shmsr.system.QuitSm
           F    235           2#    2     
_shmsr.system.QuitWart
           F    236           2#    2     
_shmsr.system.SecPulse
           F    234           2#    2     
_shmsr.system.TimeHHMM
           R    600..619      2#    2     
_shmsr.system.TimeSS
           R    602           2#    2     
_shmsr.system.WatchDog
           F    227..246      2#    2     
_shmsr.work.C01
           C    1000..1009    2#    2     
_shmsr.work.C02
           C    1001          2#    2     
_shmsr.work.C03
           C    1002          2#    2     
_shmsr.work.C04
           C    1003          2#    2     
_shmsr.work.C05
           C    1004          2#    2     
_shmsr.work.C06
           C    1005          2#    2     
_shmsr.work.C07
           C    1006          2#    2     
_shmsr.work.C08
           C    1007          2#    2     
_shmsr.work.C09
           C    1008          2#    2     
_shmsr.work.C10
           C    1009          2#    2     
_shmsr.work.F01
           F    247..268      2#    2     
_shmsr.work.F02
           F    248           2#    2     
_shmsr.work.F03
           F    249           2#    2     
_shmsr.work.F04
           F    250           2#    2     
_shmsr.work.F05
           F    251           2#    2     
_shmsr.work.F06
           F    252           2#    2     
_shmsr.work.F07
           F    253           2#    2     
_shmsr.work.F08
           F    254           2#    2     
_shmsr.work.F09
           F    255           2#    2     
_shmsr.work.F10
           F    256           2#    2     
_shmsr.work.F11
           F    257           2#    2     
_shmsr.work.F12
           F    258           2#    2     
_shmsr.work.F13
           F    259           2#    2     
_shmsr.work.F14
           F    260           2#    2     
_shmsr.work.F15
           F    261           2#    2     
_shmsr.work.F16
           F    262           2#    2     
_shmsr.work.F17
           F    263           2#    2     
_shmsr.work.F18
           F    264           2#    2     
_shmsr.work.F19
           F    265           2#    2     
_shmsr.work.F20
           F    266           2#    2     
_shmsr.work.High
           F    268           2#    2     
_shmsr.work.Low
           F    267           2#    2     
_shmsr.work.R01
           R    620..650      2#    2     
_shmsr.work.R02
           R    621           2#    2     
_shmsr.work.R03
           R    622           2#    2     
_shmsr.work.R04
           R    623           2#    2     
_shmsr.work.R05
           R    624           2#    2     
_shmsr.work.R06
           R    625           2#    2     
_shmsr.work.R07
           R    626           2#    2     
_shmsr.work.R08
           R    627           2#    2     
_shmsr.work.R09
           R    628           2#    2     
_shmsr.work.R10
           R    629           2#    2     
_shmsr.work.R11
           R    630           2#    2     
_shmsr.work.R12
           R    631           2#    2     
_shmsr.work.R13
           R    632           2#    2     
_shmsr.work.R14
           R    633           2#    2     
_shmsr.work.R15
           R    634           2#    2     
_shmsr.work.R16
           R    635           2#    2     
_shmsr.work.R17
           R    636           2#    2     
_shmsr.work.R18
           R    637           2#    2     
_shmsr.work.R19
           R    638           2#    2     
_shmsr.work.R20
           R    639           2#    2     
_shmsr.work.tmpR01
           R    641           2#    2     
_shmsr.work.tmpR02
           R    642           2#    2     
_shmsr.work.tmpR03
           R    643           2#    2     
_shmsr.work.tmpR04
           R    644           2#    2     
_shmsr.work.tmpR05
           R    645           2#    2     
_shmsr.work.tmpR06
           R    646           2#    2     
_shmsr.work.tmpR07
           R    647           2#    2     
_shmsr.work.tmpR08
           R    648           2#    2     
_shmsr.work.tmpR09
           R    649           2#    2     
_shmsr.work.tmpR10
           R    650           2#    2     
_shmsr.work.Zero
           R    640           2#    2     
A.Alarm.DDC_PCD01_ALA
                1             2#    
A.Alarm.PCD01_ALA.Flags
           F    322..921      2#    2     
A.Alarm.PCD01_ALA.FlagsAck
                -1            2#    
A.Alarm.PCD01_ALA.FlagsDel
                -1            2#    
A.Alarm.PCD01_ALA.Handle
           R    787           2#    2     
A.Alarm.PCD01_ALA.MaxAlarms
                600           2#    
A.Alarm.PCD01_ALA.MaxHistory
                250           2#    
A.Alarm.PCD01_ALA.MyName
           TEXT 3301          2#    2     
A.BACnet.FuseGuard.Al230AC.OutOfService
           F    922           2#    
A.BACnet.FuseGuard.Al230AC.PCDInRef
           F    923           2#    2     
A.BACnet.FuseGuard.Al24AC.OutOfService
           F    924           2#    
A.BACnet.FuseGuard.Al24AC.PCDInRef
           F    925           2#    2     
A.BACnet.FuseGuard.Al24DC.OutOfService
           F    926           2#    
A.BACnet.FuseGuard.Al24DC.PCDInRef
           F    927           2#    2     
A.BACnet.FuseGuard.AlMain.OutOfService
           F    928           2#    
A.BACnet.FuseGuard.AlMain.PCDInRef
           F    929           2#    2     
A.BACnet.FuseGuard.AlPhase.OutOfService
           F    930           2#    
A.BACnet.FuseGuard.AlPhase.PCDInRef
           F    931           2#    2     
A.BACnet.GROUP__fbl_C000001_04_B00A.Alarm.OutOfService
           F    932           2#    
A.BACnet.GROUP__fbl_C000001_04_B00A.Alarm.PCDInRef
           F    933           2#    2     
A.BACnet.PCD.AlBattery.OutOfService
           F    934           2#    
A.BACnet.PCD.AlBattery.PCDInRef
           F    935           2#    2     
A.BACnet.PCD.AlXOB.OutOfService
           F    936           2#    
A.BACnet.PCD.AlXOB.PCDInRef
           F    937           2#    2     
A.ComplexMail.WebCMail.Body
           TEXT 7803          2#    2     
A.ComplexMail.WebCMail.Busy
           F    206           2#    2     
A.ComplexMail.WebCMail.Content
           R    593           2#    2     
A.ComplexMail.WebCMail.DoInit
           F    205           2#    2     
A.ComplexMail.WebCMail.DREG
           R    588..594      2#    2     
A.ComplexMail.WebCMail.IP_Port
           R    587           2#    2     
A.ComplexMail.WebCMail.LenSubject
                150           2#    
A.ComplexMail.WebCMail.LenText
                300           2#    
A.ComplexMail.WebCMail.MailerLocked
           F    209           2#    2     
A.ComplexMail.WebCMail.MailerWorks
           F    207           2#    2     
A.ComplexMail.WebCMail.MyBody
           R    591           2#    2     
A.ComplexMail.WebCMail.MyFile
           R    594           2#    2     
A.ComplexMail.WebCMail.MyPriority
           R    589           2#    2     
A.ComplexMail.WebCMail.MySubject
           R    590           2#    2     
A.ComplexMail.WebCMail.NEXE
           F    204           2#    2     
A.ComplexMail.WebCMail.Sender
           TEXT 3305          2#    2     
A.ComplexMail.WebCMail.Subject
           TEXT 7802          2#    2     
A.ComplexMail.WebCMail.TBSY
           F    203           2#    2     
A.ComplexMail.WebCMail.TDIA
           F    202..211      2#    2     
A.ComplexMail.WebCMail.To
           R    592           2#    2     
A.ComplexMail.WebCMail.To1
           TEXT 7809          2#    2     
A.ComplexMail.WebCMail.To2
           TEXT 3306          2#    2     
A.ComplexMail.WebCMail.To3
           TEXT 3307          2#    2     
A.ComplexMail.WebCMail.To4
           TEXT 3308          2#    2     
A.ComplexMail.WebCMail.To5
           TEXT 3309          2#    2     
A.DDCSuite.Init.AckAlarm
           F    235           2#    2     
A.DDCSuite.Init.ClrMaint
           F    236           2#    2     
A.DDCSuite.Init.OutdoorTemp
           R    609           2#    2     
A.HVC.Uhrzeit.Date
           R    671           2#    2     
A.HVC.Uhrzeit.DateCmd
           F    282           2#    2     
A.HVC.Uhrzeit.DayOW
           R    672           2#    2     
A.HVC.Uhrzeit.Time
           R    670..672      2#    2     
A.HVC.Uhrzeit.TimeCmd
           F    281           2#    2     
A.Mail.MailerWorks
           F    938           2#    2     
FileDringend
           TEXT 3302          2#    2     
FileNormal TEXT 3303          2#    2     
HIGH       F    940           2#    2     
HZE001.Aussen.Temp.iRW10
           R    704           2#    2     
HZE001.WE01.Anforderung.Stoerg.iSSm
           F    941           2#    2     
HZE001.WE01.UWP.Stoerg.iSSm
           F    942           2#    2     
HZE001.WE02.Anforderung.Stoerg.iSSm
           F    943           2#    2     
HZE001.WE03.Anforderung.Stoerg.iSSm
           F    944           2#    2     
HZE002.Weiche.UWP.Stoerg.iSSm
           F    945           2#    2     
IO.Slot0.IOAccess.DIGITAL_INPUTS_0TO15
                1024          1#    
IO.Slot1.IOAccess.DIGITAL_OUTPUT_0TO3
                1024          1#    
IO.Slot1.IOAccess.SWITCH_STATUS
                1026          1#    
IO.Slot2.IOAccess.ANALOGUE_INPUT_0
                1028          1#    
IO.Slot2.IOAccess.ANALOGUE_INPUT_1
                1030          1#    
IO.Slot2.IOAccess.ANALOGUE_INPUT_2
                1032          1#    
IO.Slot2.IOAccess.ANALOGUE_INPUT_3
                1034          1#    
IO.Slot2.IOAccess.ANALOGUE_INPUT_4
                1036          1#    
IO.Slot2.IOAccess.ANALOGUE_INPUT_5
                1038          1#    
IO.Slot2.IOAccess.ANALOGUE_INPUT_6
                1040          1#    
IO.Slot2.IOAccess.ANALOGUE_INPUT_7
                1042          1#    
IO.Slot3.IOAccess.ANALOGUE_OUTPUT_0
                1025          1#    
IO.Slot3.IOAccess.ANALOGUE_OUTPUT_1
                1027          1#    
IO.Slot3.IOAccess.ANALOGUE_OUTPUT_2
                1029          1#    
IO.Slot3.IOAccess.ANALOGUE_OUTPUT_3
                1031          1#    
IOs.AI_32  I    32            2#    
IOs.DI_400.iInp
           F    963           2#    2     
IOs.DI_401.iInp
           F    964           2#    2     
IOs.DI_402.iInp
           F    965           2#    2     
IOs.DI_403.iInp
           F    966           2#    2     
IOs.DI_404.iInp
           F    967           2#    2     
IOs.DI_407.iInp
           F    968           2#    2     
IOs.DO_189.iOut
           F    969           2#    2     
IOs.DO_192.iOut
           F    970           2#    2     
IOs.DO_193.iOut
           F    971           2#    2     
IOs.DO_32.iMACT
           F    972           2#    2     
IOs.DO_33.iMACT
           F    974           2#    2     
IOs.DO_34.iMACT
           F    976           2#    2     
IOs.DO_35.iMACT
           F    978           2#    2     
LOW        F    980           2#    2     
Mail.IP.iAddB0
           R    719           2#    2     
Mail.IP.iAddB1
           R    720           2#    2     
Mail.IP.iAddB2
           R    721           2#    2     
Mail.IP.iAddB3
           R    722           2#    2     
Mail.IPDec R    723           2#    2     
Mail.IPText
           TEXT 7806          2#    2     
Mail.Name  TEXT 7807          2#    2     
Mail.Pwd   TEXT 3304          2#    2     
Mail.Sender
           TEXT 3305          2#    2     
Mail.SMTP  TEXT 7808          2#    2     
Mail.To1   TEXT 7809          2#    2     
Mail.To2   TEXT 3306          2#    2     
Mail.To3   TEXT 3307          2#    2     
Mail.To4   TEXT 3308          2#    2     
Mail.To5   TEXT 3309          2#    2     
NULL       R    724           2#    2     
PCD01.A00.Mld.PCD01.A00.Mld.PCD01.A00.Mld.PCD01.Clock.iHM
           R    725           2#    2     
PCD01.A00.Mld.PCD01.A00.Mld.PCD01.Clock.iHM
           R    726           2#    2     
PCD01.A00.Mld.PCD01.A00.Mld.PCD01.Clock.iHMS
           R    727           2#    2     
PCD01.A00.Mld.PCD01.A00.Mld.PCD01.Clock.iYMD
           R    728           2#    2     
PCD01.A00.Mld.PCD01.Clock.iD
           R    729           2#    2     
PCD01.A00.Mld.PCD01.Clock.iDay
           R    730           2#    2     
PCD01.A00.Mld.PCD01.Clock.iEn
           F    981           2#    2     
PCD01.A00.Mld.PCD01.Clock.iEnD
           F    982           2#    2     
PCD01.A00.Mld.PCD01.Clock.iEnt
           F    983           2#    2     
PCD01.A00.Mld.PCD01.Clock.iH
           R    731           2#    2     
PCD01.A00.Mld.PCD01.Clock.iM
           R    732           2#    2     
PCD01.A00.Mld.PCD01.Clock.iMD
           R    733           2#    2     
PCD01.A00.Mld.PCD01.Clock.iMonth
           R    734           2#    2     
PCD01.A00.Mld.PCD01.Clock.iMS
           R    735           2#    2     
PCD01.A00.Mld.PCD01.Clock.iS
           R    736           2#    2     
PCD01.A00.Mld.PCD01.Clock.iYear
           R    737           2#    2     
PCD01.A00.Mld.PCD01.Clock.sD
           R    738           2#    2     
PCD01.A00.Mld.PCD01.Clock.sHM
           R    739           2#    2     
PCD01.A00.Mld.PCD01.Clock.sYMD
           R    740           2#    2     
PCD01.A00.Mld.PCD01.Hevac.iError
           F    984           2#    2     
PCD01.A00.Mld.PCD01.Init.Box.HistCall1
           R    741           2#    2     
PCD01.A00.Mld.PCD01.Init.Box.HistCall2
           R    742           2#    2     
PCD01.A00.Mld.PCD01.Init.Box.HistCall3
           R    743           2#    2     
PCD01.A00.Mld.PCD01.Init.Box.HistCall4
           R    744           2#    2     
PCD01.A00.Mld.PCD01.Init.Box.HistCall5
           R    745           2#    2     
PCD01.A00.Mld.PCD01.Init.Box.HistCall6
           R    746           2#    2     
PCD01.A00.Mld.PCD01.Init.Box.HistCall7
           R    747           2#    2     
PCD01.A00.Mld.PCD01.Init.Box.HistCobLine
           R    748           2#    2     
PCD01.A00.Mld.PCD01.Init.Box.HistFehler
           F    985           2#    2     
PCD01.A00.Mld.PCD01.Init.Box.HistIndex
           R    749           2#    2     
PCD01.A00.Mld.PCD01.Init.Box.HistMeldung
           R    750           2#    2     
PCD01.A00.Mld.PCD01.Init.Box.HistProgLine
           R    751           2#    2     
PCD01.A00.Mld.PCD01.Init.Box.HistQuit
           F    986           2#    2     
PCD01.A00.Mld.PCD01.Init.Box.HistReserve
           R    752           2#    2     
PCD01.A00.Mld.PCD01.Init.Box.iError
           F    987           2#    2     
PCD01.A00.Mld.PCD01.Init.Box.iInit_Batt
           F    988           2#    2     
PCD01.A00.Mld.PCD01.Init.Box.iInit_Bereit
           F    989           2#    2     
PCD01.A00.Mld.PCD01.Init.Box.iInit_HwReset
           F    990           2#    2     
PCD01.A00.Mld.PCD01.Init.Box.iInit_WtReset
           F    991           2#    2     
PCD01.A00.Mld.PCD01.Init.Box.iQSm
           F    992           2#    2     
PCD01.A00.Mld.PCD01.Init.Box.QuitDI
           R    753           2#    2     
PCD01.A00.Mld.PCD01.Init.Box.QuitDO
           R    754           2#    2     
PCD01.A00.Mld.PCD01.Init.Box.SmBatterie
           F    993           2#    2     
PCD01.A00.Mld.PCD01.Init.Box.SmQuit
           F    994           2#    2     
PCD01.A00.Mld.PCD01.Init.Box.SmQuitHwImp
           R    755           2#    2     
PCD01.A00.Mld.PCD01.Init.Box.WartQuit
           F    995           2#    2     
PCD01.A00.Mld.PCD01.Quitt.LED.iDO
           F    996           2#    2     
PCD01.A00.Mld.PCD01.Quitt.SSMHZG.iSSM
           R    756           2#    2     
PCD01.A00.Mld.PCD01.Quitt.SSMKLT.iSSM
           R    757           2#    2     
PCD01.A00.Mld.PCD01.Quitt.SSMRLT.Hupe
           F    997           2#    2     
PCD01.A00.Mld.PCD01.Quitt.SSMRLT.iAlarm
           F    998           2#    2     
PCD01.A00.Mld.PCD01.Quitt.SSMRLT.iSSM
           R    758           2#    2     
PCD01.A00.Mld.PCD01.Quitt.Tast.iBm
           F    999           2#    2     
PCD01.A00.Mld.PCD01.Quitt.Tast.iDO
           F    1000          2#    2     
PCD01.A00.Mld.PCD01.Quitt.Tast.iMOD
           F    1001          2#    2     
PCD01.A00.Mld.PCD01.Quitt.Tast.irBM80
           F    1002          2#    2     
PCD01.A00.Mld.PCD01.Quitt.WRNHZG.iSWM
           R    759           2#    2     
PCD01.A00.Mld.PCD01.Quitt.WRNKLT.iSWM
           R    760           2#    2     
PCD01.A00.Mld.PCD01.Quitt.WRNRLT.iSWM
           R    761           2#    2     
PCD01.A00.Mld.PCD01.SVz.iSVZ
           F    1003          2#    2     
PCD01.A00.Mld.PCD01.SVz.iSVZ2
           F    1004          2#    2     
PCD01.A00.Mld.PCD01.SVz.iSVZ300
           F    1005          2#    2     
PCD01.A00.Mld.PCD01.SVz.iSVZ3000
           F    1006          2#    2     
PCD01.A00.Mld.PCD01.SVz.iSVZ600
           F    1007          2#    2     
PCD01.A00.Mld.PCD01.SVz.iXP600
           F    1008          2#    2     
PCD01.A00.Mld.PCD01.SW.Antiblock.UwpErlaubt
           F    1009          2#    2     
PCD01.A00.Mld.PCD01.SW.Antiblock.UwpStillDauer
           R    762           2#    2     
PCD01.A00.Mld.PCD01.SW.Antiblock.UwpVorwahl
           R    763           2#    2     
PCD01.A00.Mld.PCD01.SW.Antiblock.UwpWoImpuls
           F    1010          2#    2     
PCD01.A00.Mld.PCD01.SW.Antiblock.UwpWoTag
           R    764           2#    2     
PCD01.A00.Mld.PCD01.SW.Antiblock.UwpWoUhrzeit
           R    765           2#    2     
PCD01.A00.Mld.PCD01.SW.Antiblock.YErlaubt
           F    1011          2#    2     
PCD01.A00.Mld.PCD01.SW.Antiblock.YStillDauer
           R    766           2#    2     
PCD01.A00.Mld.PCD01.SW.Antiblock.YVorwahl
           R    767           2#    2     
PCD01.A00.Mld.PCD01.SW.Antiblock.YWoImpuls
           F    1012          2#    2     
PCD01.A00.Mld.PCD01.SW.Antiblock.YWoTag
           R    768           2#    2     
PCD01.A00.Mld.PCD01.SW.Antiblock.YWoUhrzeit
           R    769           2#    2     
PCD01.A00.Mld.PCD01.SW.iAntiblock_Stetig
           F    1013          2#    2     
PCD01.A00.Mld.PCD01.SW.iAntiblock_Uwp
           F    1014          2#    2     
PCD01.A00.Mld.PCD01.SWeb.CPUTyp
           R    770           2#    2     
PCD01.A00.Mld.PCD01.SWeb.Firmware
           R    771           2#    2     
PCD01.A00.Mld.PCD01.SWeb.Geraetetyp
           R    772           2#    2     
PCD01.A00.Mld.PCD01.SWeb.SBUS_Station
           R    773           2#    2     
PCD01.A00.Mld.StSpg.Phw.irSM10
           F    1015          2#    2     
PCD01.A00.Mld.StSpg.Spg.irSM10
           F    1016          2#    2     
PCD01.A00.Mld.StSpg.Stoerg.AC230NoNc
           F    1017          2#    2     
PCD01.A00.Mld.StSpg.Stoerg.AC230QuitPflicht
           F    1018          2#    2     
PCD01.A00.Mld.StSpg.Stoerg.AC24NoNc
           F    1019          2#    2     
PCD01.A00.Mld.StSpg.Stoerg.AC24QuitPflicht
           F    1020          2#    2     
PCD01.A00.Mld.StSpg.Stoerg.DC24NoNc
           F    1021          2#    2     
PCD01.A00.Mld.StSpg.Stoerg.DC24QuitPflicht
           F    1022          2#    2     
PCD01.A00.Mld.StSpg.Stoerg.DI230AC
           R    774           2#    2     
PCD01.A00.Mld.StSpg.Stoerg.DI24AC
           R    775           2#    2     
PCD01.A00.Mld.StSpg.Stoerg.DI24DC
           R    776           2#    2     
PCD01.A00.Mld.StSpg.Stoerg.DIPhasen
           R    777           2#    2     
PCD01.A00.Mld.StSpg.Stoerg.DISteuerkreis
           R    778           2#    2     
PCD01.A00.Mld.StSpg.Stoerg.PhasenNoNc
           F    1023          2#    2     
PCD01.A00.Mld.StSpg.Stoerg.PhasenOverride
           F    1024          2#    2     
PCD01.A00.Mld.StSpg.Stoerg.PhasenQuitPflicht
           F    1025          2#    2     
PCD01.A00.Mld.StSpg.Stoerg.SmAC230
           F    1026          2#    2     
PCD01.A00.Mld.StSpg.Stoerg.SmAC24
           F    1027          2#    2     
PCD01.A00.Mld.StSpg.Stoerg.SmDC24
           F    1028          2#    2     
PCD01.A00.Mld.StSpg.Stoerg.SmPhasen
           F    1029          2#    2     
PCD01.A00.Mld.StSpg.Stoerg.SmSpg
           F    1030          2#    2     
PCD01.A00.Mld.StSpg.Stoerg.SpgNoNc
           F    1031          2#    2     
PCD01.A00.Mld.StSpg.Stoerg.SpgOverride
           F    1032          2#    2     
PCD01.A00.Mld.StSpg.Stoerg.SpgQuitPflicht
           F    1033          2#    2     
PCD01.A00.Mld.StSpg.Stoerg.Verzoeger
           R    779           2#    2     
PCD01.A00.Mld.StSpg.USV.DIKontakt
           R    780           2#    2     
PCD01.A00.Mld.StSpg.USV.irSM10
           F    1034          2#    2     
PCD01.A00.Mld.StSpg.USV.iSM10
           F    1035          2#    2     
PCD01.A00.Mld.StSpg.USV.NoNc
           F    1036          2#    2     
PCD01.A00.Mld.StSpg.USV.QuitPflicht
           F    1037          2#    2     
PCD01.A00.Mld.StSpg.USV.Sm
           F    1038          2#    2     
PCD01.A00.Mld.StSpg.USV.SpgGrp
           R    781           2#    2     
PCD01.A00.Mld.StSpg.VAC24.irSM10
           F    1039          2#    2     
PCD01.A00.Mld.StSpg.VDC24.irSM10
           F    1040          2#    2     
PCD01.A00.PSTA.ISP1.StSpg.iSSM
           F    1041          2#    2     
PCD01.A00.RLTStart.Takt.iSample4
           F    1042          2#    2     
PCD01.A00.RLTStart.Takt.iSample5
           F    1043          2#    2     
PCD01.Panel.iRestart
           F    1044          2#    2     
PCD01.Panel.iWebRestart
           F    1045          2#    2     
PCD01.SWeb.Alarme.Aktiv
           F    1046          2#    2     
PCD01.SWeb.Alarme.iNbr
           R    782           2#    2     
PCD01.SWeb.Alarme.iQuit
           F    1047          2#    2     
PCD01.SWeb.Alarme.ListAck
           F    1048          2#    2     
PCD01.SWeb.Alarme.ListClear
           F    1049          2#    2     
PCD01.VER.IP
           R    783           2#    
PIN.Level1 TEXT 7810          2#    2     
PIN.Level2 TEXT 7811          2#    
PIN.Level3 TEXT 7812          2#    2     
PIN.Level4 TEXT 7813          2#    2     
PIN.Logouttime
           R    784           2#    2     
RLT003.AUL.Temp.iMW10
           R    785           2#    2     
RLT003.VE.VL.Sec.UWP.Stoerg.iSSm
           F    1050          2#    2     
RLT003.ZUL.Frost.Box.iFrostMX5
           F    1051          2#    2     
RLT003.ZUL.Frost.Box.iQuit
           F    1052          2#    2     
S.CPU.Cpu       0             1#    
S.CPU.Eline_System
                0             1#    
S.CPU.EnergyMonitoringEnabled
                0             1#    
S.CPU.FirstCounter
           C    1000          1#    
S.CPU.FirstDynCounter
           C    1000          1#    
S.CPU.FirstDynDB
           DB   3500          1#    
S.CPU.FirstDynFlag
           F    10            1#    
S.CPU.FirstDynRamDB
           DB   8000          1#    
S.CPU.FirstDynRamText
           TEXT 7800          1#    
S.CPU.FirstDynRegister
           R    500           1#    
S.CPU.FirstDynText
           TEXT 3300          1#    
S.CPU.FirstDynTimer
           T    10            1#    
S.CPU.FirstNonvolatileFlag
           F    0             1#    
S.CPU.FirstWritableTextDB
                -1            1#    
S.CPU.FullHandshakeOnPort0
                0             1#    
S.CPU.HasVolatileFlags
                0             1#    
S.CPU.Interrupt0XOB
                20            1#    
S.CPU.Interrupt1XOB
                21            1#    
S.CPU.IPAddress 0C0A807D4H    1#    
S.CPU.IPChannel 9             1#    
S.CPU.IPDefaultRouter
                0C0A80701H    1#    
S.CPU.IPNode    212           1#    
S.CPU.IPSubnetMask
                0FFFFFF00H    1#    
S.CPU.LastDynCounter
           C    1599          1#    
S.CPU.LastDynDB
           DB   3999          1#    
S.CPU.LastDynFlag
           F    16383         1#    
S.CPU.LastDynRamDB
           DB   8191          1#    
S.CPU.LastDynRamText
           TEXT 7999          1#    
S.CPU.LastDynRegister
           R    16383         1#    
S.CPU.LastDynText
           TEXT 3499          1#    
S.CPU.LastDynTimer
           T    999           1#    
S.CPU.LastTimer
           T    999           1#    
S.CPU.LastVolatileFlag
                -1            1#    
S.CPU.MaxCounter
                1599          1#    
S.CPU.MaxFlag   16383         1#    
S.CPU.MaxFWVersion
                999999        1#    
S.CPU.MaxReg    16383         1#    
S.CPU.MinFWVersion
                12400         1#    
S.CPU.NT_System 1             1#    
S.CPU.PCD2M5_System
                0             1#    
S.CPU.PCD3_System
                24            1#    
S.CPU.PcdType   24            1#    
S.CPU.ProgramVersion
                1000000       1#    
S.CPU.SbusBaudRate
                9600          1#    
S.CPU.SbusMode  2             1#    
S.CPU.SbusModemBaudRate
                9600          1#    
S.CPU.SbusModemMode
                2             1#    
S.CPU.SbusModemPort
                -1            1#    
S.CPU.SbusPguPort
                -1            1#    
S.CPU.SbusStation
                212           1#    
S.CPU.TimerTimebase
                100           1#    
S.CPU.Use16BitAddressing
                1             1#    
S.CPU.Xob1Enable
                0             1#    
S.HVC.Clock.AllPHDay
           F    16016         4#    4     
S.HVC.Clock.ClkTest
           F    16025         4#    4     
S.HVC.Clock.ClkTest1
           F    16026         4#    4     
S.HVC.Clock.Day
           R    10682         4#    4     
S.HVC.Clock.DayInYear
           R    10691         4#    4     
S.HVC.Clock.DayOW
           R    10672         4#    4     
S.HVC.Clock.DHHMM
           R    10688         4#    4     
S.HVC.Clock.HHMM
           R    10677         4#    4     
S.HVC.Clock.HHMMSS
           R    10670..10672  4#    4     
S.HVC.Clock.Hour
           R    10683         4#    4     
S.HVC.Clock.MinODay
           R    10693         4#    4     
S.HVC.Clock.Minute
           R    10684         4#    4     
S.HVC.Clock.MMDD
           R    10676         4#    4     
S.HVC.Clock.MMDDHHMM
           R    10689         4#    4     
S.HVC.Clock.Month
           R    10681         4#    4     
S.HVC.Clock.PHDay
           F    16019         4#    4     
S.HVC.Clock.PHDay1
           F    16020         4#    4     
S.HVC.Clock.Season
           F    16021         4#    4     
S.HVC.Clock.SecODay
           R    10690         4#    4     
S.HVC.Clock.Second
           R    10685         4#    4     
S.HVC.Clock.SecTick
           F    16022         4#    4     
S.HVC.Clock.Week
           R    10686         4#    4     
S.HVC.Clock.WWD
           R    10687         4#    4     
S.HVC.Clock.Year
           R    10679         4#    4     
S.HVC.Clock.YYMMDD
           R    10675..10690  4#    4     
S.HVC.Clock.YYYYear
           R    10680         4#    4     
S.HVC.Clock.YYYYMMDD
           R    10671         4#    4     
s.modc.ModbusClient.fboxerror
           R    801           2#    2     
s.modc.ModbusRTU.fboxerror
           R    799           2#    2     
s.mods.fboxerror
           R    11063         7#    2     7     
s.odm.FlagDiag
           F    16000..16007  3#    3     
s.odm.InitError
           F    16008         3#    3     
s.odm.InitExec
           F    16009         3#    3     
S.ODM.Initialized
                1             1#    
S.ODM.ReadTimeout
                1000          1#    
s.odm.RegChannel
           R    10669         3#    3     
S.PRJ.AppLanguage
                'en'          1#    
S.PRJ.LibLanguage
                'en'          1#    
S.PRJ.PASPE_2.SbusStation
                212           1#    
S.SYS.SASMVERS  2001410       1#    
SetPoints.Integer_0.Register
           R    841           2#    
SetPoints.Integer_1.Register
           R    842           2#    
SubDringend
           TEXT 3310          2#    2     
SubNormal  TEXT 3311          2#    2     
TexDringend
           TEXT 3312          2#    2     
TexNormal  TEXT 3313          2#    2     
uBT_Reboot F    1053          2#    2     

Linkage complete. 0 errors, 0 warnings.
